
> frontend@0.1.0 dev
> next dev

▲ Next.js 16.2.11 (Turbopack)
- Local:         http://localhost:3000
- Network:       http://172.24.112.1:3000
✓ Ready in 414ms

 GET / 200 in 2.2s (next.js: 2.1s, application-code: 145ms)
 GET /super-admin/dashboard 200 in 2.6s (next.js: 1941ms, proxy.ts: 152ms, application-code: 512ms)
 GET /login/super-admin 200 in 1298ms (next.js: 1072ms, proxy.ts: 12ms, application-code: 214ms)
 GET /super-admin/dashboard 200 in 141ms (next.js: 16ms, proxy.ts: 27ms, application-code: 98ms)
 GET /super-admin/clients 200 in 1648ms (next.js: 1259ms, proxy.ts: 11ms, application-code: 378ms)
 GET /super-admin/clients 200 in 284ms (next.js: 49ms, proxy.ts: 52ms, application-code: 183ms)
 GET /super-admin/clients 200 in 787ms (next.js: 165ms, proxy.ts: 41ms, application-code: 581ms)
 GET /login/super-admin 200 in 192ms (next.js: 11ms, proxy.ts: 14ms, application-code: 167ms)
 GET /super-admin/dashboard 200 in 130ms (next.js: 9ms, proxy.ts: 15ms, application-code: 106ms)
 GET /super-admin/clients 200 in 594ms (next.js: 19ms, proxy.ts: 14ms, application-code: 561ms)
 GET /super-admin/clients/1/users 200 in 1787ms (next.js: 1713ms, proxy.ts: 13ms, application-code: 61ms)
 GET /super-admin/clients/1 200 in 1409ms (next.js: 1353ms, proxy.ts: 10ms, application-code: 46ms)
 GET /super-admin/clients 200 in 62ms (next.js: 9ms, proxy.ts: 13ms, application-code: 40ms)
 GET / 200 in 123ms (next.js: 9ms, application-code: 114ms)
 GET /login/client 200 in 933ms (next.js: 836ms, proxy.ts: 14ms, application-code: 82ms)
 GET /client/dashboard 200 in 1075ms (next.js: 973ms, proxy.ts: 15ms, application-code: 88ms)
 GET /client/dashboard 200 in 197ms (next.js: 11ms, proxy.ts: 14ms, application-code: 172ms)
 GET /client/users 200 in 1065ms (next.js: 877ms, proxy.ts: 11ms, application-code: 177ms)
 GET /client/users 200 in 138ms (next.js: 21ms, proxy.ts: 30ms, application-code: 88ms)
 GET /client/users/new 200 in 860ms (next.js: 806ms, proxy.ts: 9ms, application-code: 45ms)
 GET /client/users 200 in 52ms (next.js: 6ms, proxy.ts: 6ms, application-code: 40ms)
 GET /client/users 200 in 185ms (next.js: 13ms, proxy.ts: 7ms, application-code: 164ms)
 GET /client/users/1 200 in 1329ms (next.js: 1263ms, proxy.ts: 12ms, application-code: 54ms)
 GET /client/users 200 in 66ms (next.js: 10ms, proxy.ts: 8ms, application-code: 48ms)
 GET /client/users/1 200 in 79ms (next.js: 28ms, proxy.ts: 10ms, application-code: 42ms)
 GET /client/users 200 in 75ms (next.js: 24ms, proxy.ts: 11ms, application-code: 39ms)
 GET /client/users/1 200 in 84ms (next.js: 32ms, proxy.ts: 9ms, application-code: 43ms)
 GET /client/users 200 in 59ms (next.js: 8ms, proxy.ts: 10ms, application-code: 41ms)
 GET /client/users 200 in 196ms (next.js: 10ms, proxy.ts: 10ms, application-code: 176ms)
 GET /super-admin/clients/1/users 200 in 89ms (next.js: 32ms, proxy.ts: 9ms, application-code: 47ms)
 GET /super-admin/users/1/uploads 200 in 1286ms (next.js: 1223ms, proxy.ts: 11ms, application-code: 52ms)
 GET /client/users 200 in 179ms (next.js: 12ms, proxy.ts: 8ms, application-code: 158ms)
 GET /login/user 200 in 983ms (next.js: 798ms, proxy.ts: 13ms, application-code: 172ms)
 GET /login/client 200 in 73ms (next.js: 12ms, proxy.ts: 12ms, application-code: 49ms)
 GET /client/users/new 200 in 60ms (next.js: 8ms, proxy.ts: 10ms, application-code: 42ms)
 GET /client/users 200 in 60ms (next.js: 17ms, proxy.ts: 5ms, application-code: 38ms)
 GET / 200 in 69ms (next.js: 10ms, application-code: 59ms)
 GET /login/user 200 in 77ms (next.js: 9ms, proxy.ts: 12ms, application-code: 57ms)
 GET /login/user 200 in 198ms (next.js: 8ms, proxy.ts: 9ms, application-code: 180ms)
 GET /super-admin/clients 200 in 69ms (next.js: 9ms, proxy.ts: 10ms, application-code: 51ms)
 GET /super-admin/clients/1/users 200 in 118ms (next.js: 51ms, proxy.ts: 17ms, application-code: 51ms)
 GET / 200 in 50ms (next.js: 10ms, application-code: 40ms)
 GET /login/user 200 in 79ms (next.js: 9ms, proxy.ts: 12ms, application-code: 59ms)
 GET /login/user 200 in 168ms (next.js: 9ms, proxy.ts: 13ms, application-code: 146ms)
 GET /login/super-admin 200 in 48ms (next.js: 3ms, proxy.ts: 4ms, application-code: 41ms)
 GET /super-admin/dashboard 200 in 52ms (next.js: 14ms, proxy.ts: 3ms, application-code: 35ms)
 GET /super-admin/clients 200 in 61ms (next.js: 2ms, proxy.ts: 3ms, application-code: 56ms)
 GET /login/super-admin 200 in 74ms (next.js: 3ms, proxy.ts: 4ms, application-code: 67ms)
 GET /super-admin/dashboard 200 in 35ms (next.js: 4ms, proxy.ts: 3ms, application-code: 28ms)
 GET /super-admin/clients 200 in 79ms (next.js: 1766µs, proxy.ts: 3ms, application-code: 74ms)
 GET /login/user 200 in 208ms (next.js: 10ms, proxy.ts: 12ms, application-code: 185ms)
 GET /client/users 200 in 291ms (next.js: 12ms, proxy.ts: 15ms, application-code: 264ms)
 GET / 200 in 149ms (next.js: 17ms, application-code: 132ms)
 GET /client/dashboard 200 in 118ms (next.js: 14ms, proxy.ts: 25ms, application-code: 78ms)
 GET /login/client 200 in 308ms (next.js: 19ms, proxy.ts: 20ms, application-code: 268ms)
 GET /client/dashboard 200 in 155ms (next.js: 13ms, proxy.ts: 17ms, application-code: 125ms)
 GET /client/users 200 in 88ms (next.js: 15ms, proxy.ts: 15ms, application-code: 57ms)
 GET / 200 in 59ms (next.js: 7ms, application-code: 52ms)
 GET /login/super-admin 200 in 74ms (next.js: 7ms, proxy.ts: 8ms, application-code: 58ms)
 GET /login/super-admin 200 in 92ms (next.js: 9ms, proxy.ts: 12ms, application-code: 71ms)
 GET /super-admin/dashboard 200 in 136ms (next.js: 12ms, proxy.ts: 12ms, application-code: 112ms)
 GET /super-admin/organizations 200 in 1011ms (next.js: 934ms, proxy.ts: 12ms, application-code: 65ms)
 GET /super-admin/clients 200 in 69ms (next.js: 8ms, proxy.ts: 10ms, application-code: 52ms)
 GET /super-admin/clients/1/users 200 in 145ms (next.js: 72ms, proxy.ts: 11ms, application-code: 61ms)
 GET /user/dashboard 200 in 1400ms (next.js: 1259ms, proxy.ts: 13ms, application-code: 128ms)
 GET /user/campaigns 200 in 1308ms (next.js: 1229ms, proxy.ts: 9ms, application-code: 70ms)
 GET /user/campaigns/new 200 in 971ms (next.js: 904ms, proxy.ts: 9ms, application-code: 59ms)
[?25h
